
> project-management-frontend@1.0.0 dev
> vite --host 0.0.0.0 --port 5174


  [32m[1mVITE[22m v6.4.2[39m  [2mready in [0m[1m506[22m[2m[0m ms[22m

  [32m➜[39m  [1mLocal[22m:   [36mhttp://localhost:[1m5174[22m/[39m
  [32m➜[39m  [1mNetwork[22m: [36mhttp://192.168.34.48:[1m5174[22m/[39m
[2m7:27:53 PM[22m [36m[1m[vite][22m[39m [90m[2m(client)[22m[39m [32mhmr update [39m[2m/src/components/gantt/GanttTreeRow.jsx, /src/styles/index.css[22m
[2m7:27:53 PM[22m [36m[1m[vite][22m[39m [90m[2m(client)[22m[39m [32mhmr update [39m[2m/src/components/task/TaskTree.jsx, /src/styles/index.css[22m
[2m7:27:53 PM[22m [36m[1m[vite][22m[39m [90m[2m(client)[22m[39m [32mhmr update [39m[2m/src/components/task/TaskCard.jsx, /src/styles/index.css[22m
[2m7:27:53 PM[22m [36m[1m[vite][22m[39m [90m[2m(client)[22m[39m [32mhmr update [39m[2m/src/components/task/TaskBulkToolbar.jsx, /src/styles/index.css[22m
[2m7:29:19 PM[22m [36m[1m[vite][22m[39m [90m[2m(client)[22m[39m [32mhmr update [39m[2m/src/components/task/TaskDetailModal.jsx, /src/styles/index.css[22m
[2m7:29:35 PM[22m [36m[1m[vite][22m[39m [90m[2m(client)[22m[39m [32mhmr update [39m[2m/src/pages/BacklogPage.jsx, /src/styles/index.css[22m
[2m7:29:35 PM[22m [36m[1m[vite][22m[39m [90m[2m(client)[22m[39m [32mhmr update [39m[2m/src/components/sprint/SprintPlanningModal.jsx, /src/styles/index.css[22m
[2m7:32:34 PM[22m [36m[1m[vite][22m[39m [90m[2m(client)[22m[39m [32mhmr update [39m[2m/src/components/task/TaskFormModal.jsx, /src/styles/index.css[22m
[2m7:57:54 PM[22m [36m[1m[vite][22m[39m [90m[2m(client)[22m[39m [32mhmr update [39m[2m/src/components/project/ProjectCard.jsx, /src/styles/index.css[22m
[2m7:58:15 PM[22m [36m[1m[vite][22m[39m [90m[2m(client)[22m[39m [32mhmr update [39m[2m/src/components/task/TaskLabelManager.jsx, /src/styles/index.css[22m
[2m7:58:34 PM[22m [36m[1m[vite][22m[39m [90m[2m(client)[22m[39m [32mhmr update [39m[2m/src/pages/ProjectsPage.jsx, /src/styles/index.css[22m
[2m7:58:48 PM[22m [36m[1m[vite][22m[39m [90m[2m(client)[22m[39m [32mhmr update [39m[2m/src/components/project/BucketManager.jsx, /src/styles/index.css[22m
[2m7:58:57 PM[22m [36m[1m[vite][22m[39m [90m[2m(client)[22m[39m [32mhmr update [39m[2m/src/components/task/TaskBulkToolbar.jsx, /src/styles/index.css[22m
[2m7:59:08 PM[22m [36m[1m[vite][22m[39m [90m[2m(client)[22m[39m [32mhmr update [39m[2m/src/components/board/BoardColumn.jsx, /src/styles/index.css[22m
[2m7:59:20 PM[22m [36m[1m[vite][22m[39m [90m[2m(client)[22m[39m [32mhmr update [39m[2m/src/components/board/BoardView.jsx, /src/styles/index.css[22m
[2m8:00:16 PM[22m [36m[1m[vite][22m[39m [90m[2m(client)[22m[39m [32mhmr update [39m[2m/src/components/task/TaskTree.jsx, /src/styles/index.css[22m
[2m8:00:51 PM[22m [36m[1m[vite][22m[39m [90m[2m(client)[22m[39m [32mhmr update [39m[2m/src/pages/ProjectDetailPage.jsx, /src/styles/index.css[22m
[2m8:01:15 PM[22m [36m[1m[vite][22m[39m [90m[2m(client)[22m[39m [32mhmr update [39m[2m/src/pages/TaskListPage.jsx, /src/styles/index.css[22m
[2m8:01:38 PM[22m [36m[1m[vite][22m[39m [90m[2m(client)[22m[39m [32mhmr update [39m[2m/src/pages/BoardPage.jsx, /src/styles/index.css[22m
[2m8:02:12 PM[22m [36m[1m[vite][22m[39m [90m[2m(client)[22m[39m [32mhmr update [39m[2m/src/components/task/TaskDetailModal.jsx, /src/styles/index.css[22m
[2m8:02:22 PM[22m [36m[1m[vite][22m[39m [90m[2m(client)[22m[39m [32mhmr update [39m[2m/src/components/task/TaskDetailModal.jsx, /src/styles/index.css[22m
[2m8:02:53 PM[22m [36m[1m[vite][22m[39m [90m[2m(client)[22m[39m [32mhmr update [39m[2m/src/components/task/TaskDetailModal.jsx, /src/styles/index.css[22m
[2m8:03:14 PM[22m [36m[1m[vite][22m[39m [90m[2m(client)[22m[39m [32mhmr update [39m[2m/src/components/task/TaskDetailModal.jsx, /src/styles/index.css[22m
[2m8:03:42 PM[22m [36m[1m[vite][22m[39m [90m[2m(client)[22m[39m [32mhmr update [39m[2m/src/components/task/TaskDetailModal.jsx, /src/styles/index.css[22m
[2m8:04:17 PM[22m [36m[1m[vite][22m[39m [90m[2m(client)[22m[39m [32mhmr update [39m[2m/src/components/task/TaskDetailModal.jsx, /src/styles/index.css[22m
[2m8:04:30 PM[22m [36m[1m[vite][22m[39m [90m[2m(client)[22m[39m [32mhmr update [39m[2m/src/components/task/TaskDetailModal.jsx, /src/styles/index.css[22m
[2m8:04:51 PM[22m [36m[1m[vite][22m[39m [90m[2m(client)[22m[39m [32mhmr update [39m[2m/src/components/task/TaskDetailModal.jsx, /src/styles/index.css[22m
[2m8:05:07 PM[22m [36m[1m[vite][22m[39m [90m[2m(client)[22m[39m [32mhmr update [39m[2m/src/components/task/TaskDetailModal.jsx, /src/styles/index.css[22m
[2m8:05:27 PM[22m [36m[1m[vite][22m[39m [90m[2m(client)[22m[39m [32mhmr update [39m[2m/src/components/task/CommentThread.jsx, /src/styles/index.css[22m
[2m8:06:07 PM[22m [36m[1m[vite][22m[39m [90m[2m(client)[22m[39m [32mhmr update [39m[2m/src/components/task/TaskDetailModal.jsx, /src/styles/index.css[22m
[2m8:06:17 PM[22m [36m[1m[vite][22m[39m [90m[2m(client)[22m[39m [32mhmr update [39m[2m/src/components/board/BoardView.jsx, /src/styles/index.css[22m
[2m8:06:30 PM[22m [36m[1m[vite][22m[39m [90m[2m(client)[22m[39m [32mhmr update [39m[2m/src/styles/index.css, /src/pages/ProjectsPage.jsx, /src/pages/ProjectDetailPage.jsx, /src/pages/TaskListPage.jsx, /src/pages/BoardPage.jsx, /src/components/task/TaskDetailModal.jsx[22m
